$ aes_gcm -n 128 -b 4 -i 8
reference matches FIPS-197 C.1 and the NIST GCM vector
messages=128 blocks/msg=4 bytes=8192 cores=2 warps=4 threads=16
AES_GCM_PERF: impl=hw_s3g key_bits=128 mode=gcm msgs=128 blocks_per_msg=4 blocks=512 bytes=8192 cycles=27840 instrs=10242 core_instrs=5121:5121 cycles_per_block=54.38 instrs_per_block=20.00 bytes_per_cycle=0.2943 repeats=1 cores=2 warps=4 threads=16
PERF: instrs=10242, cycles=27840, IPC=0.368
PASSED!

$ aes_gcm -n 128 -b 4 -i 8
reference matches FIPS-197 C.1 and the NIST GCM vector
messages=128 blocks/msg=4 bytes=8192 cores=2 warps=4 threads=16
AES_GCM_PERF: impl=hw_s3g key_bits=128 mode=gcm msgs=128 blocks_per_msg=4 blocks=512 bytes=8192 cycles=28535 instrs=10242 core_instrs=5121:5121 cycles_per_block=55.73 instrs_per_block=20.00 bytes_per_cycle=0.2871 repeats=1 cores=2 warps=4 threads=16
PERF: instrs=10242, cycles=28535, IPC=0.359
PASSED!

$ aes_gcm -n 128 -b 4 -i 8
reference matches FIPS-197 C.1 and the NIST GCM vector
messages=128 blocks/msg=4 bytes=8192 cores=2 warps=4 threads=16
AES_GCM_PERF: impl=hw_s3g key_bits=128 mode=gcm msgs=128 blocks_per_msg=4 blocks=512 bytes=8192 cycles=28439 instrs=10242 core_instrs=5121:5121 cycles_per_block=55.54 instrs_per_block=20.00 bytes_per_cycle=0.2881 repeats=1 cores=2 warps=4 threads=16
PERF: instrs=10242, cycles=28439, IPC=0.360
PASSED!

$ aes_gcm -n 128 -b 4 -i 8
reference matches FIPS-197 C.1 and the NIST GCM vector
messages=128 blocks/msg=4 bytes=8192 cores=2 warps=4 threads=16
AES_GCM_PERF: impl=hw_s3g key_bits=128 mode=gcm msgs=128 blocks_per_msg=4 blocks=512 bytes=8192 cycles=28414 instrs=10242 core_instrs=5121:5121 cycles_per_block=55.50 instrs_per_block=20.00 bytes_per_cycle=0.2883 repeats=1 cores=2 warps=4 threads=16
PERF: instrs=10242, cycles=28414, IPC=0.360
PASSED!

$ aes_gcm -n 128 -b 4 -i 8
reference matches FIPS-197 C.1 and the NIST GCM vector
messages=128 blocks/msg=4 bytes=8192 cores=2 warps=4 threads=16
AES_GCM_PERF: impl=hw_s3g key_bits=128 mode=gcm msgs=128 blocks_per_msg=4 blocks=512 bytes=8192 cycles=28135 instrs=10242 core_instrs=5121:5121 cycles_per_block=54.95 instrs_per_block=20.00 bytes_per_cycle=0.2912 repeats=1 cores=2 warps=4 threads=16
PERF: instrs=10242, cycles=28135, IPC=0.364
PASSED!

$ aes_gcm -n 128 -b 4 -i 8
reference matches FIPS-197 C.1 and the NIST GCM vector
messages=128 blocks/msg=4 bytes=8192 cores=2 warps=4 threads=16
AES_GCM_PERF: impl=hw_s3g key_bits=128 mode=gcm msgs=128 blocks_per_msg=4 blocks=512 bytes=8192 cycles=28164 instrs=10242 core_instrs=5121:5121 cycles_per_block=55.01 instrs_per_block=20.00 bytes_per_cycle=0.2909 repeats=1 cores=2 warps=4 threads=16
PERF: instrs=10242, cycles=28164, IPC=0.364
PASSED!

$ aes_gcm -n 128 -b 4 -i 8
reference matches FIPS-197 C.1 and the NIST GCM vector
messages=128 blocks/msg=4 bytes=8192 cores=2 warps=4 threads=16
AES_GCM_PERF: impl=hw_s3g key_bits=128 mode=gcm msgs=128 blocks_per_msg=4 blocks=512 bytes=8192 cycles=28290 instrs=10242 core_instrs=5121:5121 cycles_per_block=55.25 instrs_per_block=20.00 bytes_per_cycle=0.2896 repeats=1 cores=2 warps=4 threads=16
PERF: instrs=10242, cycles=28290, IPC=0.362
PASSED!

$ aes_gcm -n 128 -b 4 -i 8
reference matches FIPS-197 C.1 and the NIST GCM vector
messages=128 blocks/msg=4 bytes=8192 cores=2 warps=4 threads=16
AES_GCM_PERF: impl=hw_s3g key_bits=128 mode=gcm msgs=128 blocks_per_msg=4 blocks=512 bytes=8192 cycles=28554 instrs=10242 core_instrs=5121:5121 cycles_per_block=55.77 instrs_per_block=20.00 bytes_per_cycle=0.2869 repeats=1 cores=2 warps=4 threads=16
PERF: instrs=10242, cycles=28554, IPC=0.359
PASSED!

$ aes_gcm -n 128 -b 4 -i 8
reference matches FIPS-197 C.1 and the NIST GCM vector
messages=128 blocks/msg=4 bytes=8192 cores=2 warps=4 threads=16
AES_GCM_PERF: impl=hw_s3g key_bits=128 mode=gcm msgs=128 blocks_per_msg=4 blocks=512 bytes=8192 cycles=27729 instrs=10242 core_instrs=5121:5121 cycles_per_block=54.16 instrs_per_block=20.00 bytes_per_cycle=0.2954 repeats=1 cores=2 warps=4 threads=16
PERF: instrs=10242, cycles=27729, IPC=0.369
PASSED!

$ aes_gcm -n 128 -b 4 -i 8
reference matches FIPS-197 C.1 and the NIST GCM vector
messages=128 blocks/msg=4 bytes=8192 cores=2 warps=4 threads=16
AES_GCM_PERF: impl=hw_s3g key_bits=128 mode=gcm msgs=128 blocks_per_msg=4 blocks=512 bytes=8192 cycles=28499 instrs=10242 core_instrs=5121:5121 cycles_per_block=55.66 instrs_per_block=20.00 bytes_per_cycle=0.2874 repeats=1 cores=2 warps=4 threads=16
PERF: instrs=10242, cycles=28499, IPC=0.359
PASSED!

$ aes_gcm -n 128 -b 4 -i 8
reference matches FIPS-197 C.1 and the NIST GCM vector
messages=128 blocks/msg=4 bytes=8192 cores=2 warps=4 threads=16
AES_GCM_PERF: impl=hw_s3g key_bits=128 mode=gcm msgs=128 blocks_per_msg=4 blocks=512 bytes=8192 cycles=28197 instrs=10242 core_instrs=5121:5121 cycles_per_block=55.07 instrs_per_block=20.00 bytes_per_cycle=0.2905 repeats=1 cores=2 warps=4 threads=16
PERF: instrs=10242, cycles=28197, IPC=0.363
PASSED!

$ aes_gcm -n 128 -b 4 -i 8
reference matches FIPS-197 C.1 and the NIST GCM vector
messages=128 blocks/msg=4 bytes=8192 cores=2 warps=4 threads=16
AES_GCM_PERF: impl=hw_s3g key_bits=128 mode=gcm msgs=128 blocks_per_msg=4 blocks=512 bytes=8192 cycles=28500 instrs=10242 core_instrs=5121:5121 cycles_per_block=55.66 instrs_per_block=20.00 bytes_per_cycle=0.2874 repeats=1 cores=2 warps=4 threads=16
PERF: instrs=10242, cycles=28500, IPC=0.359
PASSED!

$ aes_gcm -n 128 -b 4 -i 8
reference matches FIPS-197 C.1 and the NIST GCM vector
messages=128 blocks/msg=4 bytes=8192 cores=2 warps=4 threads=16
AES_GCM_PERF: impl=hw_s3g key_bits=128 mode=gcm msgs=128 blocks_per_msg=4 blocks=512 bytes=8192 cycles=28242 instrs=10242 core_instrs=5121:5121 cycles_per_block=55.16 instrs_per_block=20.00 bytes_per_cycle=0.2901 repeats=1 cores=2 warps=4 threads=16
PERF: instrs=10242, cycles=28242, IPC=0.363
PASSED!

$ aes_gcm -n 128 -b 4 -i 8
reference matches FIPS-197 C.1 and the NIST GCM vector
messages=128 blocks/msg=4 bytes=8192 cores=2 warps=4 threads=16
AES_GCM_PERF: impl=hw_s3g key_bits=128 mode=gcm msgs=128 blocks_per_msg=4 blocks=512 bytes=8192 cycles=28287 instrs=10242 core_instrs=5121:5121 cycles_per_block=55.25 instrs_per_block=20.00 bytes_per_cycle=0.2896 repeats=1 cores=2 warps=4 threads=16
PERF: instrs=10242, cycles=28287, IPC=0.362
PASSED!

$ aes_gcm -n 128 -b 4 -i 8
reference matches FIPS-197 C.1 and the NIST GCM vector
messages=128 blocks/msg=4 bytes=8192 cores=2 warps=4 threads=16
AES_GCM_PERF: impl=hw_s3g key_bits=128 mode=gcm msgs=128 blocks_per_msg=4 blocks=512 bytes=8192 cycles=28434 instrs=10242 core_instrs=5121:5121 cycles_per_block=55.54 instrs_per_block=20.00 bytes_per_cycle=0.2881 repeats=1 cores=2 warps=4 threads=16
PERF: instrs=10242, cycles=28434, IPC=0.360
PASSED!

$ aes_gcm -n 128 -b 4 -i 8
reference matches FIPS-197 C.1 and the NIST GCM vector
messages=128 blocks/msg=4 bytes=8192 cores=2 warps=4 threads=16
AES_GCM_PERF: impl=hw_s3g key_bits=128 mode=gcm msgs=128 blocks_per_msg=4 blocks=512 bytes=8192 cycles=27814 instrs=10242 core_instrs=5121:5121 cycles_per_block=54.32 instrs_per_block=20.00 bytes_per_cycle=0.2945 repeats=1 cores=2 warps=4 threads=16
PERF: instrs=10242, cycles=27814, IPC=0.368
PASSED!

$ aes_gcm -n 128 -b 4 -i 8
reference matches FIPS-197 C.1 and the NIST GCM vector
messages=128 blocks/msg=4 bytes=8192 cores=2 warps=4 threads=16
AES_GCM_PERF: impl=hw_s3g key_bits=128 mode=gcm msgs=128 blocks_per_msg=4 blocks=512 bytes=8192 cycles=27652 instrs=10242 core_instrs=5121:5121 cycles_per_block=54.01 instrs_per_block=20.00 bytes_per_cycle=0.2963 repeats=1 cores=2 warps=4 threads=16
PERF: instrs=10242, cycles=27652, IPC=0.370
PASSED!

$ aes_gcm -n 128 -b 4 -i 8
reference matches FIPS-197 C.1 and the NIST GCM vector
messages=128 blocks/msg=4 bytes=8192 cores=2 warps=4 threads=16
AES_GCM_PERF: impl=hw_s3g key_bits=128 mode=gcm msgs=128 blocks_per_msg=4 blocks=512 bytes=8192 cycles=28713 instrs=10242 core_instrs=5121:5121 cycles_per_block=56.08 instrs_per_block=20.00 bytes_per_cycle=0.2853 repeats=1 cores=2 warps=4 threads=16
PERF: instrs=10242, cycles=28713, IPC=0.357
PASSED!

$ aes_gcm -n 128 -b 4 -i 8
reference matches FIPS-197 C.1 and the NIST GCM vector
messages=128 blocks/msg=4 bytes=8192 cores=2 warps=4 threads=16
AES_GCM_PERF: impl=hw_s3g key_bits=128 mode=gcm msgs=128 blocks_per_msg=4 blocks=512 bytes=8192 cycles=27883 instrs=10242 core_instrs=5121:5121 cycles_per_block=54.46 instrs_per_block=20.00 bytes_per_cycle=0.2938 repeats=1 cores=2 warps=4 threads=16
PERF: instrs=10242, cycles=27883, IPC=0.367
PASSED!

$ aes_gcm -n 128 -b 4 -i 8
reference matches FIPS-197 C.1 and the NIST GCM vector
messages=128 blocks/msg=4 bytes=8192 cores=2 warps=4 threads=16
AES_GCM_PERF: impl=hw_s3g key_bits=128 mode=gcm msgs=128 blocks_per_msg=4 blocks=512 bytes=8192 cycles=28270 instrs=10242 core_instrs=5121:5121 cycles_per_block=55.21 instrs_per_block=20.00 bytes_per_cycle=0.2898 repeats=1 cores=2 warps=4 threads=16
PERF: instrs=10242, cycles=28270, IPC=0.362
PASSED!

$ aes_gcm -n 128 -b 4 -i 8
reference matches FIPS-197 C.1 and the NIST GCM vector
messages=128 blocks/msg=4 bytes=8192 cores=2 warps=4 threads=16
AES_GCM_PERF: impl=hw_s3g key_bits=128 mode=gcm msgs=128 blocks_per_msg=4 blocks=512 bytes=8192 cycles=28500 instrs=10242 core_instrs=5121:5121 cycles_per_block=55.66 instrs_per_block=20.00 bytes_per_cycle=0.2874 repeats=1 cores=2 warps=4 threads=16
PERF: instrs=10242, cycles=28500, IPC=0.359
PASSED!

$ aes_gcm -n 128 -b 4 -i 8
reference matches FIPS-197 C.1 and the NIST GCM vector
messages=128 blocks/msg=4 bytes=8192 cores=2 warps=4 threads=16
AES_GCM_PERF: impl=hw_s3g key_bits=128 mode=gcm msgs=128 blocks_per_msg=4 blocks=512 bytes=8192 cycles=28006 instrs=10242 core_instrs=5121:5121 cycles_per_block=54.70 instrs_per_block=20.00 bytes_per_cycle=0.2925 repeats=1 cores=2 warps=4 threads=16
PERF: instrs=10242, cycles=28006, IPC=0.366
PASSED!

$ aes_gcm -n 128 -b 4 -i 8
reference matches FIPS-197 C.1 and the NIST GCM vector
messages=128 blocks/msg=4 bytes=8192 cores=2 warps=4 threads=16
AES_GCM_PERF: impl=hw_s3g key_bits=128 mode=gcm msgs=128 blocks_per_msg=4 blocks=512 bytes=8192 cycles=28495 instrs=10242 core_instrs=5121:5121 cycles_per_block=55.65 instrs_per_block=20.00 bytes_per_cycle=0.2875 repeats=1 cores=2 warps=4 threads=16
PERF: instrs=10242, cycles=28495, IPC=0.359
PASSED!

$ aes_gcm -n 128 -b 4 -i 8
reference matches FIPS-197 C.1 and the NIST GCM vector
messages=128 blocks/msg=4 bytes=8192 cores=2 warps=4 threads=16
AES_GCM_PERF: impl=hw_s3g key_bits=128 mode=gcm msgs=128 blocks_per_msg=4 blocks=512 bytes=8192 cycles=28292 instrs=10242 core_instrs=5121:5121 cycles_per_block=55.26 instrs_per_block=20.00 bytes_per_cycle=0.2896 repeats=1 cores=2 warps=4 threads=16
PERF: instrs=10242, cycles=28292, IPC=0.362
PASSED!

$ aes_gcm -n 128 -b 4 -i 8
reference matches FIPS-197 C.1 and the NIST GCM vector
messages=128 blocks/msg=4 bytes=8192 cores=2 warps=4 threads=16
AES_GCM_PERF: impl=hw_s3g key_bits=128 mode=gcm msgs=128 blocks_per_msg=4 blocks=512 bytes=8192 cycles=28562 instrs=10242 core_instrs=5121:5121 cycles_per_block=55.79 instrs_per_block=20.00 bytes_per_cycle=0.2868 repeats=1 cores=2 warps=4 threads=16
PERF: instrs=10242, cycles=28562, IPC=0.359
PASSED!

$ aes_gcm -n 128 -b 4 -i 8
reference matches FIPS-197 C.1 and the NIST GCM vector
messages=128 blocks/msg=4 bytes=8192 cores=2 warps=4 threads=16
AES_GCM_PERF: impl=hw_s3g key_bits=128 mode=gcm msgs=128 blocks_per_msg=4 blocks=512 bytes=8192 cycles=28098 instrs=10242 core_instrs=5121:5121 cycles_per_block=54.88 instrs_per_block=20.00 bytes_per_cycle=0.2916 repeats=1 cores=2 warps=4 threads=16
PERF: instrs=10242, cycles=28098, IPC=0.365
PASSED!

$ aes_gcm -n 128 -b 4 -i 8
reference matches FIPS-197 C.1 and the NIST GCM vector
messages=128 blocks/msg=4 bytes=8192 cores=2 warps=4 threads=16
AES_GCM_PERF: impl=hw_s3g key_bits=128 mode=gcm msgs=128 blocks_per_msg=4 blocks=512 bytes=8192 cycles=28392 instrs=10242 core_instrs=5121:5121 cycles_per_block=55.45 instrs_per_block=20.00 bytes_per_cycle=0.2885 repeats=1 cores=2 warps=4 threads=16
PERF: instrs=10242, cycles=28392, IPC=0.361
PASSED!

$ aes_gcm -n 128 -b 4 -i 8
reference matches FIPS-197 C.1 and the NIST GCM vector
messages=128 blocks/msg=4 bytes=8192 cores=2 warps=4 threads=16
AES_GCM_PERF: impl=hw_s3g key_bits=128 mode=gcm msgs=128 blocks_per_msg=4 blocks=512 bytes=8192 cycles=28680 instrs=10242 core_instrs=5121:5121 cycles_per_block=56.02 instrs_per_block=20.00 bytes_per_cycle=0.2856 repeats=1 cores=2 warps=4 threads=16
PERF: instrs=10242, cycles=28680, IPC=0.357
PASSED!

$ aes_gcm -n 128 -b 4 -i 8
reference matches FIPS-197 C.1 and the NIST GCM vector
messages=128 blocks/msg=4 bytes=8192 cores=2 warps=4 threads=16
AES_GCM_PERF: impl=hw_s3g key_bits=128 mode=gcm msgs=128 blocks_per_msg=4 blocks=512 bytes=8192 cycles=28929 instrs=10242 core_instrs=5121:5121 cycles_per_block=56.50 instrs_per_block=20.00 bytes_per_cycle=0.2832 repeats=1 cores=2 warps=4 threads=16
PERF: instrs=10242, cycles=28929, IPC=0.354
PASSED!

$ aes_gcm -n 128 -b 4 -i 8
reference matches FIPS-197 C.1 and the NIST GCM vector
messages=128 blocks/msg=4 bytes=8192 cores=2 warps=4 threads=16
AES_GCM_PERF: impl=hw_s3g key_bits=128 mode=gcm msgs=128 blocks_per_msg=4 blocks=512 bytes=8192 cycles=28075 instrs=10242 core_instrs=5121:5121 cycles_per_block=54.83 instrs_per_block=20.00 bytes_per_cycle=0.2918 repeats=1 cores=2 warps=4 threads=16
PERF: instrs=10242, cycles=28075, IPC=0.365
PASSED!

$ aes_gcm -n 128 -b 4 -i 8
reference matches FIPS-197 C.1 and the NIST GCM vector
messages=128 blocks/msg=4 bytes=8192 cores=2 warps=4 threads=16
AES_GCM_PERF: impl=hw_s3g key_bits=128 mode=gcm msgs=128 blocks_per_msg=4 blocks=512 bytes=8192 cycles=26980 instrs=10242 core_instrs=5121:5121 cycles_per_block=52.70 instrs_per_block=20.00 bytes_per_cycle=0.3036 repeats=1 cores=2 warps=4 threads=16
PERF: instrs=10242, cycles=26980, IPC=0.380
PASSED!

$ aes_gcm -n 128 -b 4 -i 8
reference matches FIPS-197 C.1 and the NIST GCM vector
messages=128 blocks/msg=4 bytes=8192 cores=2 warps=4 threads=16
AES_GCM_PERF: impl=hw_s3g key_bits=128 mode=gcm msgs=128 blocks_per_msg=4 blocks=512 bytes=8192 cycles=28303 instrs=10242 core_instrs=5121:5121 cycles_per_block=55.28 instrs_per_block=20.00 bytes_per_cycle=0.2894 repeats=1 cores=2 warps=4 threads=16
PERF: instrs=10242, cycles=28303, IPC=0.362
PASSED!

$ aes_gcm -n 128 -b 4 -i 8
reference matches FIPS-197 C.1 and the NIST GCM vector
messages=128 blocks/msg=4 bytes=8192 cores=2 warps=4 threads=16
AES_GCM_PERF: impl=hw_s3g key_bits=128 mode=gcm msgs=128 blocks_per_msg=4 blocks=512 bytes=8192 cycles=28241 instrs=10242 core_instrs=5121:5121 cycles_per_block=55.16 instrs_per_block=20.00 bytes_per_cycle=0.2901 repeats=1 cores=2 warps=4 threads=16
PERF: instrs=10242, cycles=28241, IPC=0.363
PASSED!

$ aes_gcm -n 128 -b 4 -i 8
reference matches FIPS-197 C.1 and the NIST GCM vector
messages=128 blocks/msg=4 bytes=8192 cores=2 warps=4 threads=16
AES_GCM_PERF: impl=hw_s3g key_bits=128 mode=gcm msgs=128 blocks_per_msg=4 blocks=512 bytes=8192 cycles=28398 instrs=10242 core_instrs=5121:5121 cycles_per_block=55.46 instrs_per_block=20.00 bytes_per_cycle=0.2885 repeats=1 cores=2 warps=4 threads=16
PERF: instrs=10242, cycles=28398, IPC=0.361
PASSED!

$ aes_gcm -n 128 -b 4 -i 8
reference matches FIPS-197 C.1 and the NIST GCM vector
messages=128 blocks/msg=4 bytes=8192 cores=2 warps=4 threads=16
AES_GCM_PERF: impl=hw_s3g key_bits=128 mode=gcm msgs=128 blocks_per_msg=4 blocks=512 bytes=8192 cycles=29055 instrs=10242 core_instrs=5121:5121 cycles_per_block=56.75 instrs_per_block=20.00 bytes_per_cycle=0.2819 repeats=1 cores=2 warps=4 threads=16
PERF: instrs=10242, cycles=29055, IPC=0.353
PASSED!

