$ chacha_poly -n 128 -b 16 -i 1
reference matches the RFC 8439 block, stream, Poly1305 and AEAD vectors
messages=128 blocks/msg=16 bytes=131072 cores=2 warps=4 threads=16
CHACHA_POLY_PERF: impl=rori key_bits=256 mode=aead msgs=128 blocks_per_msg=16 blocks=2048 bytes=131072 cycles=659275 instrs=265488 core_instrs=132744:132744 cycles_per_block=321.91 instrs_per_block=129.63 bytes_per_cycle=0.1988 repeats=1 cores=2 warps=4 threads=16
PERF: instrs=265488, cycles=659275, IPC=0.403
PASSED!

$ chacha_poly -n 128 -b 16 -i 1
reference matches the RFC 8439 block, stream, Poly1305 and AEAD vectors
messages=128 blocks/msg=16 bytes=131072 cores=2 warps=4 threads=16
CHACHA_POLY_PERF: impl=rori key_bits=256 mode=aead msgs=128 blocks_per_msg=16 blocks=2048 bytes=131072 cycles=634198 instrs=265488 core_instrs=132744:132744 cycles_per_block=309.67 instrs_per_block=129.63 bytes_per_cycle=0.2067 repeats=1 cores=2 warps=4 threads=16
PERF: instrs=265488, cycles=634198, IPC=0.419
PASSED!

$ chacha_poly -n 128 -b 16 -i 1
reference matches the RFC 8439 block, stream, Poly1305 and AEAD vectors
messages=128 blocks/msg=16 bytes=131072 cores=2 warps=4 threads=16
CHACHA_POLY_PERF: impl=rori key_bits=256 mode=aead msgs=128 blocks_per_msg=16 blocks=2048 bytes=131072 cycles=629995 instrs=265488 core_instrs=132744:132744 cycles_per_block=307.61 instrs_per_block=129.63 bytes_per_cycle=0.2081 repeats=1 cores=2 warps=4 threads=16
PERF: instrs=265488, cycles=629995, IPC=0.421
PASSED!

$ chacha_poly -n 128 -b 16 -i 1
reference matches the RFC 8439 block, stream, Poly1305 and AEAD vectors
messages=128 blocks/msg=16 bytes=131072 cores=2 warps=4 threads=16
CHACHA_POLY_PERF: impl=rori key_bits=256 mode=aead msgs=128 blocks_per_msg=16 blocks=2048 bytes=131072 cycles=663612 instrs=265488 core_instrs=132744:132744 cycles_per_block=324.03 instrs_per_block=129.63 bytes_per_cycle=0.1975 repeats=1 cores=2 warps=4 threads=16
PERF: instrs=265488, cycles=663612, IPC=0.400
PASSED!

$ chacha_poly -n 128 -b 16 -i 1
reference matches the RFC 8439 block, stream, Poly1305 and AEAD vectors
messages=128 blocks/msg=16 bytes=131072 cores=2 warps=4 threads=16
CHACHA_POLY_PERF: impl=rori key_bits=256 mode=aead msgs=128 blocks_per_msg=16 blocks=2048 bytes=131072 cycles=647992 instrs=265488 core_instrs=132744:132744 cycles_per_block=316.40 instrs_per_block=129.63 bytes_per_cycle=0.2023 repeats=1 cores=2 warps=4 threads=16
PERF: instrs=265488, cycles=647992, IPC=0.410
PASSED!

$ chacha_poly -n 128 -b 16 -i 1
reference matches the RFC 8439 block, stream, Poly1305 and AEAD vectors
messages=128 blocks/msg=16 bytes=131072 cores=2 warps=4 threads=16
CHACHA_POLY_PERF: impl=rori key_bits=256 mode=aead msgs=128 blocks_per_msg=16 blocks=2048 bytes=131072 cycles=642226 instrs=265488 core_instrs=132744:132744 cycles_per_block=313.59 instrs_per_block=129.63 bytes_per_cycle=0.2041 repeats=1 cores=2 warps=4 threads=16
PERF: instrs=265488, cycles=642226, IPC=0.413
PASSED!

$ chacha_poly -n 128 -b 16 -i 1
reference matches the RFC 8439 block, stream, Poly1305 and AEAD vectors
messages=128 blocks/msg=16 bytes=131072 cores=2 warps=4 threads=16
CHACHA_POLY_PERF: impl=rori key_bits=256 mode=aead msgs=128 blocks_per_msg=16 blocks=2048 bytes=131072 cycles=648357 instrs=265488 core_instrs=132744:132744 cycles_per_block=316.58 instrs_per_block=129.63 bytes_per_cycle=0.2022 repeats=1 cores=2 warps=4 threads=16
PERF: instrs=265488, cycles=648357, IPC=0.409
PASSED!

$ chacha_poly -n 128 -b 16 -i 1
reference matches the RFC 8439 block, stream, Poly1305 and AEAD vectors
messages=128 blocks/msg=16 bytes=131072 cores=2 warps=4 threads=16
CHACHA_POLY_PERF: impl=rori key_bits=256 mode=aead msgs=128 blocks_per_msg=16 blocks=2048 bytes=131072 cycles=644131 instrs=265488 core_instrs=132744:132744 cycles_per_block=314.52 instrs_per_block=129.63 bytes_per_cycle=0.2035 repeats=1 cores=2 warps=4 threads=16
PERF: instrs=265488, cycles=644131, IPC=0.412
PASSED!

$ chacha_poly -n 128 -b 16 -i 1
reference matches the RFC 8439 block, stream, Poly1305 and AEAD vectors
messages=128 blocks/msg=16 bytes=131072 cores=2 warps=4 threads=16
CHACHA_POLY_PERF: impl=rori key_bits=256 mode=aead msgs=128 blocks_per_msg=16 blocks=2048 bytes=131072 cycles=648807 instrs=265488 core_instrs=132744:132744 cycles_per_block=316.80 instrs_per_block=129.63 bytes_per_cycle=0.2020 repeats=1 cores=2 warps=4 threads=16
PERF: instrs=265488, cycles=648807, IPC=0.409
PASSED!

$ chacha_poly -n 128 -b 16 -i 1
reference matches the RFC 8439 block, stream, Poly1305 and AEAD vectors
messages=128 blocks/msg=16 bytes=131072 cores=2 warps=4 threads=16
CHACHA_POLY_PERF: impl=rori key_bits=256 mode=aead msgs=128 blocks_per_msg=16 blocks=2048 bytes=131072 cycles=617234 instrs=265488 core_instrs=132744:132744 cycles_per_block=301.38 instrs_per_block=129.63 bytes_per_cycle=0.2124 repeats=1 cores=2 warps=4 threads=16
PERF: instrs=265488, cycles=617234, IPC=0.430
PASSED!

