$ chacha_poly -n 128 -b 4 -i 0
reference matches the RFC 8439 block, stream, Poly1305 and AEAD vectors
messages=128 blocks/msg=4 bytes=32768 cores=2 warps=4 threads=16
CHACHA_POLY_PERF: impl=sw key_bits=256 mode=aead msgs=128 blocks_per_msg=4 blocks=512 bytes=32768 cycles=242023 instrs=101832 core_instrs=50916:50916 cycles_per_block=472.70 instrs_per_block=198.89 bytes_per_cycle=0.1354 repeats=1 cores=2 warps=4 threads=16
PERF: instrs=101832, cycles=242023, IPC=0.421
PASSED!

$ chacha_poly -n 128 -b 4 -i 0
reference matches the RFC 8439 block, stream, Poly1305 and AEAD vectors
messages=128 blocks/msg=4 bytes=32768 cores=2 warps=4 threads=16
CHACHA_POLY_PERF: impl=sw key_bits=256 mode=aead msgs=128 blocks_per_msg=4 blocks=512 bytes=32768 cycles=239930 instrs=101832 core_instrs=50916:50916 cycles_per_block=468.61 instrs_per_block=198.89 bytes_per_cycle=0.1366 repeats=1 cores=2 warps=4 threads=16
PERF: instrs=101832, cycles=239930, IPC=0.424
PASSED!

$ chacha_poly -n 128 -b 4 -i 0
reference matches the RFC 8439 block, stream, Poly1305 and AEAD vectors
messages=128 blocks/msg=4 bytes=32768 cores=2 warps=4 threads=16
CHACHA_POLY_PERF: impl=sw key_bits=256 mode=aead msgs=128 blocks_per_msg=4 blocks=512 bytes=32768 cycles=241134 instrs=101832 core_instrs=50916:50916 cycles_per_block=470.96 instrs_per_block=198.89 bytes_per_cycle=0.1359 repeats=1 cores=2 warps=4 threads=16
PERF: instrs=101832, cycles=241134, IPC=0.422
PASSED!

$ chacha_poly -n 128 -b 4 -i 0
reference matches the RFC 8439 block, stream, Poly1305 and AEAD vectors
messages=128 blocks/msg=4 bytes=32768 cores=2 warps=4 threads=16
CHACHA_POLY_PERF: impl=sw key_bits=256 mode=aead msgs=128 blocks_per_msg=4 blocks=512 bytes=32768 cycles=232004 instrs=101832 core_instrs=50916:50916 cycles_per_block=453.13 instrs_per_block=198.89 bytes_per_cycle=0.1412 repeats=1 cores=2 warps=4 threads=16
PERF: instrs=101832, cycles=232004, IPC=0.439
PASSED!

$ chacha_poly -n 128 -b 4 -i 0
reference matches the RFC 8439 block, stream, Poly1305 and AEAD vectors
messages=128 blocks/msg=4 bytes=32768 cores=2 warps=4 threads=16
CHACHA_POLY_PERF: impl=sw key_bits=256 mode=aead msgs=128 blocks_per_msg=4 blocks=512 bytes=32768 cycles=232032 instrs=101832 core_instrs=50916:50916 cycles_per_block=453.19 instrs_per_block=198.89 bytes_per_cycle=0.1412 repeats=1 cores=2 warps=4 threads=16
PERF: instrs=101832, cycles=232032, IPC=0.439
PASSED!

$ chacha_poly -n 128 -b 4 -i 0
reference matches the RFC 8439 block, stream, Poly1305 and AEAD vectors
messages=128 blocks/msg=4 bytes=32768 cores=2 warps=4 threads=16
CHACHA_POLY_PERF: impl=sw key_bits=256 mode=aead msgs=128 blocks_per_msg=4 blocks=512 bytes=32768 cycles=242061 instrs=101832 core_instrs=50916:50916 cycles_per_block=472.78 instrs_per_block=198.89 bytes_per_cycle=0.1354 repeats=1 cores=2 warps=4 threads=16
PERF: instrs=101832, cycles=242061, IPC=0.421
PASSED!

$ chacha_poly -n 128 -b 4 -i 0
reference matches the RFC 8439 block, stream, Poly1305 and AEAD vectors
messages=128 blocks/msg=4 bytes=32768 cores=2 warps=4 threads=16
CHACHA_POLY_PERF: impl=sw key_bits=256 mode=aead msgs=128 blocks_per_msg=4 blocks=512 bytes=32768 cycles=245141 instrs=101832 core_instrs=50916:50916 cycles_per_block=478.79 instrs_per_block=198.89 bytes_per_cycle=0.1337 repeats=1 cores=2 warps=4 threads=16
PERF: instrs=101832, cycles=245141, IPC=0.415
PASSED!

$ chacha_poly -n 128 -b 4 -i 0
reference matches the RFC 8439 block, stream, Poly1305 and AEAD vectors
messages=128 blocks/msg=4 bytes=32768 cores=2 warps=4 threads=16
CHACHA_POLY_PERF: impl=sw key_bits=256 mode=aead msgs=128 blocks_per_msg=4 blocks=512 bytes=32768 cycles=237879 instrs=101832 core_instrs=50916:50916 cycles_per_block=464.61 instrs_per_block=198.89 bytes_per_cycle=0.1378 repeats=1 cores=2 warps=4 threads=16
PERF: instrs=101832, cycles=237879, IPC=0.428
PASSED!

$ chacha_poly -n 128 -b 4 -i 0
reference matches the RFC 8439 block, stream, Poly1305 and AEAD vectors
messages=128 blocks/msg=4 bytes=32768 cores=2 warps=4 threads=16
CHACHA_POLY_PERF: impl=sw key_bits=256 mode=aead msgs=128 blocks_per_msg=4 blocks=512 bytes=32768 cycles=243714 instrs=101832 core_instrs=50916:50916 cycles_per_block=476.00 instrs_per_block=198.89 bytes_per_cycle=0.1345 repeats=1 cores=2 warps=4 threads=16
PERF: instrs=101832, cycles=243714, IPC=0.418
PASSED!

$ chacha_poly -n 128 -b 4 -i 0
reference matches the RFC 8439 block, stream, Poly1305 and AEAD vectors
messages=128 blocks/msg=4 bytes=32768 cores=2 warps=4 threads=16
CHACHA_POLY_PERF: impl=sw key_bits=256 mode=aead msgs=128 blocks_per_msg=4 blocks=512 bytes=32768 cycles=241648 instrs=101832 core_instrs=50916:50916 cycles_per_block=471.97 instrs_per_block=198.89 bytes_per_cycle=0.1356 repeats=1 cores=2 warps=4 threads=16
PERF: instrs=101832, cycles=241648, IPC=0.421
PASSED!

