$ chacha_poly -n 128 -b 4 -i 12
reference matches the RFC 8439 block, stream, Poly1305 and AEAD vectors
messages=128 blocks/msg=4 bytes=32768 cores=2 warps=4 threads=16
CHACHA_POLY_PERF: impl=sg16 key_bits=256 mode=aead msgs=128 blocks_per_msg=4 blocks=512 bytes=32768 cycles=592051 instrs=360008 core_instrs=180004:180004 cycles_per_block=1156.35 instrs_per_block=703.14 bytes_per_cycle=0.0553 repeats=1 cores=2 warps=4 threads=16
PERF: instrs=360008, cycles=592051, IPC=0.608
PASSED!

$ chacha_poly -n 128 -b 4 -i 12
reference matches the RFC 8439 block, stream, Poly1305 and AEAD vectors
messages=128 blocks/msg=4 bytes=32768 cores=2 warps=4 threads=16
CHACHA_POLY_PERF: impl=sg16 key_bits=256 mode=aead msgs=128 blocks_per_msg=4 blocks=512 bytes=32768 cycles=591120 instrs=360008 core_instrs=180004:180004 cycles_per_block=1154.53 instrs_per_block=703.14 bytes_per_cycle=0.0554 repeats=1 cores=2 warps=4 threads=16
PERF: instrs=360008, cycles=591120, IPC=0.609
PASSED!

$ chacha_poly -n 128 -b 4 -i 12
reference matches the RFC 8439 block, stream, Poly1305 and AEAD vectors
messages=128 blocks/msg=4 bytes=32768 cores=2 warps=4 threads=16
CHACHA_POLY_PERF: impl=sg16 key_bits=256 mode=aead msgs=128 blocks_per_msg=4 blocks=512 bytes=32768 cycles=592615 instrs=360008 core_instrs=180004:180004 cycles_per_block=1157.45 instrs_per_block=703.14 bytes_per_cycle=0.0553 repeats=1 cores=2 warps=4 threads=16
PERF: instrs=360008, cycles=592615, IPC=0.607
PASSED!

$ chacha_poly -n 128 -b 4 -i 12
reference matches the RFC 8439 block, stream, Poly1305 and AEAD vectors
messages=128 blocks/msg=4 bytes=32768 cores=2 warps=4 threads=16
CHACHA_POLY_PERF: impl=sg16 key_bits=256 mode=aead msgs=128 blocks_per_msg=4 blocks=512 bytes=32768 cycles=594624 instrs=360008 core_instrs=180004:180004 cycles_per_block=1161.38 instrs_per_block=703.14 bytes_per_cycle=0.0551 repeats=1 cores=2 warps=4 threads=16
PERF: instrs=360008, cycles=594624, IPC=0.605
PASSED!

$ chacha_poly -n 128 -b 4 -i 12
reference matches the RFC 8439 block, stream, Poly1305 and AEAD vectors
messages=128 blocks/msg=4 bytes=32768 cores=2 warps=4 threads=16
CHACHA_POLY_PERF: impl=sg16 key_bits=256 mode=aead msgs=128 blocks_per_msg=4 blocks=512 bytes=32768 cycles=588987 instrs=360008 core_instrs=180004:180004 cycles_per_block=1150.37 instrs_per_block=703.14 bytes_per_cycle=0.0556 repeats=1 cores=2 warps=4 threads=16
PERF: instrs=360008, cycles=588987, IPC=0.611
PASSED!

$ chacha_poly -n 128 -b 4 -i 12
reference matches the RFC 8439 block, stream, Poly1305 and AEAD vectors
messages=128 blocks/msg=4 bytes=32768 cores=2 warps=4 threads=16
CHACHA_POLY_PERF: impl=sg16 key_bits=256 mode=aead msgs=128 blocks_per_msg=4 blocks=512 bytes=32768 cycles=592051 instrs=360008 core_instrs=180004:180004 cycles_per_block=1156.35 instrs_per_block=703.14 bytes_per_cycle=0.0553 repeats=1 cores=2 warps=4 threads=16
PERF: instrs=360008, cycles=592051, IPC=0.608
PASSED!

$ chacha_poly -n 128 -b 4 -i 12
reference matches the RFC 8439 block, stream, Poly1305 and AEAD vectors
messages=128 blocks/msg=4 bytes=32768 cores=2 warps=4 threads=16
CHACHA_POLY_PERF: impl=sg16 key_bits=256 mode=aead msgs=128 blocks_per_msg=4 blocks=512 bytes=32768 cycles=586535 instrs=360008 core_instrs=180004:180004 cycles_per_block=1145.58 instrs_per_block=703.14 bytes_per_cycle=0.0559 repeats=1 cores=2 warps=4 threads=16
PERF: instrs=360008, cycles=586535, IPC=0.614
PASSED!

$ chacha_poly -n 128 -b 4 -i 12
reference matches the RFC 8439 block, stream, Poly1305 and AEAD vectors
messages=128 blocks/msg=4 bytes=32768 cores=2 warps=4 threads=16
CHACHA_POLY_PERF: impl=sg16 key_bits=256 mode=aead msgs=128 blocks_per_msg=4 blocks=512 bytes=32768 cycles=592832 instrs=360008 core_instrs=180004:180004 cycles_per_block=1157.88 instrs_per_block=703.14 bytes_per_cycle=0.0553 repeats=1 cores=2 warps=4 threads=16
PERF: instrs=360008, cycles=592832, IPC=0.607
PASSED!

$ chacha_poly -n 128 -b 4 -i 12
reference matches the RFC 8439 block, stream, Poly1305 and AEAD vectors
messages=128 blocks/msg=4 bytes=32768 cores=2 warps=4 threads=16
CHACHA_POLY_PERF: impl=sg16 key_bits=256 mode=aead msgs=128 blocks_per_msg=4 blocks=512 bytes=32768 cycles=596345 instrs=360008 core_instrs=180004:180004 cycles_per_block=1164.74 instrs_per_block=703.14 bytes_per_cycle=0.0549 repeats=1 cores=2 warps=4 threads=16
PERF: instrs=360008, cycles=596345, IPC=0.604
PASSED!

$ chacha_poly -n 128 -b 4 -i 12
reference matches the RFC 8439 block, stream, Poly1305 and AEAD vectors
messages=128 blocks/msg=4 bytes=32768 cores=2 warps=4 threads=16
CHACHA_POLY_PERF: impl=sg16 key_bits=256 mode=aead msgs=128 blocks_per_msg=4 blocks=512 bytes=32768 cycles=602462 instrs=360008 core_instrs=180004:180004 cycles_per_block=1176.68 instrs_per_block=703.14 bytes_per_cycle=0.0544 repeats=1 cores=2 warps=4 threads=16
PERF: instrs=360008, cycles=602462, IPC=0.598
PASSED!

$ chacha_poly -n 128 -b 4 -i 12
reference matches the RFC 8439 block, stream, Poly1305 and AEAD vectors
messages=128 blocks/msg=4 bytes=32768 cores=2 warps=4 threads=16
CHACHA_POLY_PERF: impl=sg16 key_bits=256 mode=aead msgs=128 blocks_per_msg=4 blocks=512 bytes=32768 cycles=590679 instrs=360008 core_instrs=180004:180004 cycles_per_block=1153.67 instrs_per_block=703.14 bytes_per_cycle=0.0555 repeats=1 cores=2 warps=4 threads=16
PERF: instrs=360008, cycles=590679, IPC=0.609
PASSED!

$ chacha_poly -n 128 -b 4 -i 12
reference matches the RFC 8439 block, stream, Poly1305 and AEAD vectors
messages=128 blocks/msg=4 bytes=32768 cores=2 warps=4 threads=16
CHACHA_POLY_PERF: impl=sg16 key_bits=256 mode=aead msgs=128 blocks_per_msg=4 blocks=512 bytes=32768 cycles=592421 instrs=360008 core_instrs=180004:180004 cycles_per_block=1157.07 instrs_per_block=703.14 bytes_per_cycle=0.0553 repeats=1 cores=2 warps=4 threads=16
PERF: instrs=360008, cycles=592421, IPC=0.608
PASSED!

$ chacha_poly -n 128 -b 4 -i 12
reference matches the RFC 8439 block, stream, Poly1305 and AEAD vectors
messages=128 blocks/msg=4 bytes=32768 cores=2 warps=4 threads=16
CHACHA_POLY_PERF: impl=sg16 key_bits=256 mode=aead msgs=128 blocks_per_msg=4 blocks=512 bytes=32768 cycles=591863 instrs=360008 core_instrs=180004:180004 cycles_per_block=1155.98 instrs_per_block=703.14 bytes_per_cycle=0.0554 repeats=1 cores=2 warps=4 threads=16
PERF: instrs=360008, cycles=591863, IPC=0.608
PASSED!

