$ chacha_poly -n 128 -b 32 -i 12
reference matches the RFC 8439 block, stream, Poly1305 and AEAD vectors
messages=128 blocks/msg=32 bytes=262144 cores=2 warps=4 threads=16
CHACHA_POLY_PERF: impl=sg16 key_bits=256 mode=aead msgs=128 blocks_per_msg=32 blocks=4096 bytes=262144 cycles=1333333 instrs=865352 core_instrs=432676:432676 cycles_per_block=325.52 instrs_per_block=211.27 bytes_per_cycle=0.1966 repeats=1 cores=2 warps=4 threads=16
PERF: instrs=865352, cycles=1333333, IPC=0.649
PASSED!

$ chacha_poly -n 128 -b 32 -i 12
reference matches the RFC 8439 block, stream, Poly1305 and AEAD vectors
messages=128 blocks/msg=32 bytes=262144 cores=2 warps=4 threads=16
CHACHA_POLY_PERF: impl=sg16 key_bits=256 mode=aead msgs=128 blocks_per_msg=32 blocks=4096 bytes=262144 cycles=1341523 instrs=865352 core_instrs=432676:432676 cycles_per_block=327.52 instrs_per_block=211.27 bytes_per_cycle=0.1954 repeats=1 cores=2 warps=4 threads=16
PERF: instrs=865352, cycles=1341523, IPC=0.645
PASSED!

$ chacha_poly -n 128 -b 32 -i 12
reference matches the RFC 8439 block, stream, Poly1305 and AEAD vectors
messages=128 blocks/msg=32 bytes=262144 cores=2 warps=4 threads=16
CHACHA_POLY_PERF: impl=sg16 key_bits=256 mode=aead msgs=128 blocks_per_msg=32 blocks=4096 bytes=262144 cycles=1340556 instrs=865352 core_instrs=432676:432676 cycles_per_block=327.28 instrs_per_block=211.27 bytes_per_cycle=0.1955 repeats=1 cores=2 warps=4 threads=16
PERF: instrs=865352, cycles=1340556, IPC=0.646
PASSED!

$ chacha_poly -n 128 -b 32 -i 12
reference matches the RFC 8439 block, stream, Poly1305 and AEAD vectors
messages=128 blocks/msg=32 bytes=262144 cores=2 warps=4 threads=16
CHACHA_POLY_PERF: impl=sg16 key_bits=256 mode=aead msgs=128 blocks_per_msg=32 blocks=4096 bytes=262144 cycles=1340844 instrs=865352 core_instrs=432676:432676 cycles_per_block=327.35 instrs_per_block=211.27 bytes_per_cycle=0.1955 repeats=1 cores=2 warps=4 threads=16
PERF: instrs=865352, cycles=1340844, IPC=0.645
PASSED!

$ chacha_poly -n 128 -b 32 -i 12
reference matches the RFC 8439 block, stream, Poly1305 and AEAD vectors
messages=128 blocks/msg=32 bytes=262144 cores=2 warps=4 threads=16
CHACHA_POLY_PERF: impl=sg16 key_bits=256 mode=aead msgs=128 blocks_per_msg=32 blocks=4096 bytes=262144 cycles=1331812 instrs=865352 core_instrs=432676:432676 cycles_per_block=325.15 instrs_per_block=211.27 bytes_per_cycle=0.1968 repeats=1 cores=2 warps=4 threads=16
PERF: instrs=865352, cycles=1331812, IPC=0.650
PASSED!

$ chacha_poly -n 128 -b 32 -i 12
reference matches the RFC 8439 block, stream, Poly1305 and AEAD vectors
messages=128 blocks/msg=32 bytes=262144 cores=2 warps=4 threads=16
CHACHA_POLY_PERF: impl=sg16 key_bits=256 mode=aead msgs=128 blocks_per_msg=32 blocks=4096 bytes=262144 cycles=1339333 instrs=865352 core_instrs=432676:432676 cycles_per_block=326.99 instrs_per_block=211.27 bytes_per_cycle=0.1957 repeats=1 cores=2 warps=4 threads=16
PERF: instrs=865352, cycles=1339333, IPC=0.646
PASSED!

$ chacha_poly -n 128 -b 32 -i 12
reference matches the RFC 8439 block, stream, Poly1305 and AEAD vectors
messages=128 blocks/msg=32 bytes=262144 cores=2 warps=4 threads=16
CHACHA_POLY_PERF: impl=sg16 key_bits=256 mode=aead msgs=128 blocks_per_msg=32 blocks=4096 bytes=262144 cycles=1339240 instrs=865352 core_instrs=432676:432676 cycles_per_block=326.96 instrs_per_block=211.27 bytes_per_cycle=0.1957 repeats=1 cores=2 warps=4 threads=16
PERF: instrs=865352, cycles=1339240, IPC=0.646
PASSED!

$ chacha_poly -n 128 -b 32 -i 12
reference matches the RFC 8439 block, stream, Poly1305 and AEAD vectors
messages=128 blocks/msg=32 bytes=262144 cores=2 warps=4 threads=16
CHACHA_POLY_PERF: impl=sg16 key_bits=256 mode=aead msgs=128 blocks_per_msg=32 blocks=4096 bytes=262144 cycles=1339491 instrs=865352 core_instrs=432676:432676 cycles_per_block=327.02 instrs_per_block=211.27 bytes_per_cycle=0.1957 repeats=1 cores=2 warps=4 threads=16
PERF: instrs=865352, cycles=1339491, IPC=0.646
PASSED!

$ chacha_poly -n 128 -b 32 -i 12
reference matches the RFC 8439 block, stream, Poly1305 and AEAD vectors
messages=128 blocks/msg=32 bytes=262144 cores=2 warps=4 threads=16
CHACHA_POLY_PERF: impl=sg16 key_bits=256 mode=aead msgs=128 blocks_per_msg=32 blocks=4096 bytes=262144 cycles=1341517 instrs=865352 core_instrs=432676:432676 cycles_per_block=327.52 instrs_per_block=211.27 bytes_per_cycle=0.1954 repeats=1 cores=2 warps=4 threads=16
PERF: instrs=865352, cycles=1341517, IPC=0.645
PASSED!

$ chacha_poly -n 128 -b 32 -i 12
reference matches the RFC 8439 block, stream, Poly1305 and AEAD vectors
messages=128 blocks/msg=32 bytes=262144 cores=2 warps=4 threads=16
CHACHA_POLY_PERF: impl=sg16 key_bits=256 mode=aead msgs=128 blocks_per_msg=32 blocks=4096 bytes=262144 cycles=1337254 instrs=865352 core_instrs=432676:432676 cycles_per_block=326.48 instrs_per_block=211.27 bytes_per_cycle=0.1960 repeats=1 cores=2 warps=4 threads=16
PERF: instrs=865352, cycles=1337254, IPC=0.647
PASSED!

$ chacha_poly -n 128 -b 32 -i 12
reference matches the RFC 8439 block, stream, Poly1305 and AEAD vectors
messages=128 blocks/msg=32 bytes=262144 cores=2 warps=4 threads=16
CHACHA_POLY_PERF: impl=sg16 key_bits=256 mode=aead msgs=128 blocks_per_msg=32 blocks=4096 bytes=262144 cycles=1349221 instrs=865352 core_instrs=432676:432676 cycles_per_block=329.40 instrs_per_block=211.27 bytes_per_cycle=0.1943 repeats=1 cores=2 warps=4 threads=16
PERF: instrs=865352, cycles=1349221, IPC=0.641
PASSED!

$ chacha_poly -n 128 -b 32 -i 12
reference matches the RFC 8439 block, stream, Poly1305 and AEAD vectors
messages=128 blocks/msg=32 bytes=262144 cores=2 warps=4 threads=16
CHACHA_POLY_PERF: impl=sg16 key_bits=256 mode=aead msgs=128 blocks_per_msg=32 blocks=4096 bytes=262144 cycles=1339532 instrs=865352 core_instrs=432676:432676 cycles_per_block=327.03 instrs_per_block=211.27 bytes_per_cycle=0.1957 repeats=1 cores=2 warps=4 threads=16
PERF: instrs=865352, cycles=1339532, IPC=0.646
PASSED!

$ chacha_poly -n 128 -b 32 -i 12
reference matches the RFC 8439 block, stream, Poly1305 and AEAD vectors
messages=128 blocks/msg=32 bytes=262144 cores=2 warps=4 threads=16
CHACHA_POLY_PERF: impl=sg16 key_bits=256 mode=aead msgs=128 blocks_per_msg=32 blocks=4096 bytes=262144 cycles=1340464 instrs=865352 core_instrs=432676:432676 cycles_per_block=327.26 instrs_per_block=211.27 bytes_per_cycle=0.1956 repeats=1 cores=2 warps=4 threads=16
PERF: instrs=865352, cycles=1340464, IPC=0.646
PASSED!

