$ chacha_poly -n 128 -b 64 -i 1
reference matches the RFC 8439 block, stream, Poly1305 and AEAD vectors
messages=128 blocks/msg=64 bytes=524288 cores=2 warps=4 threads=16
CHACHA_POLY_PERF: impl=rori key_bits=256 mode=aead msgs=128 blocks_per_msg=64 blocks=8192 bytes=524288 cycles=2406580 instrs=1021200 core_instrs=510600:510600 cycles_per_block=293.77 instrs_per_block=124.66 bytes_per_cycle=0.2179 repeats=1 cores=2 warps=4 threads=16
PERF: instrs=1021200, cycles=2406580, IPC=0.424
PASSED!

$ chacha_poly -n 128 -b 64 -i 1
reference matches the RFC 8439 block, stream, Poly1305 and AEAD vectors
messages=128 blocks/msg=64 bytes=524288 cores=2 warps=4 threads=16
CHACHA_POLY_PERF: impl=rori key_bits=256 mode=aead msgs=128 blocks_per_msg=64 blocks=8192 bytes=524288 cycles=2432634 instrs=1021200 core_instrs=510600:510600 cycles_per_block=296.95 instrs_per_block=124.66 bytes_per_cycle=0.2155 repeats=1 cores=2 warps=4 threads=16
PERF: instrs=1021200, cycles=2432634, IPC=0.420
PASSED!

$ chacha_poly -n 128 -b 64 -i 1
reference matches the RFC 8439 block, stream, Poly1305 and AEAD vectors
messages=128 blocks/msg=64 bytes=524288 cores=2 warps=4 threads=16
CHACHA_POLY_PERF: impl=rori key_bits=256 mode=aead msgs=128 blocks_per_msg=64 blocks=8192 bytes=524288 cycles=2371040 instrs=1021200 core_instrs=510600:510600 cycles_per_block=289.43 instrs_per_block=124.66 bytes_per_cycle=0.2211 repeats=1 cores=2 warps=4 threads=16
PERF: instrs=1021200, cycles=2371040, IPC=0.431
PASSED!

$ chacha_poly -n 128 -b 64 -i 1
reference matches the RFC 8439 block, stream, Poly1305 and AEAD vectors
messages=128 blocks/msg=64 bytes=524288 cores=2 warps=4 threads=16
CHACHA_POLY_PERF: impl=rori key_bits=256 mode=aead msgs=128 blocks_per_msg=64 blocks=8192 bytes=524288 cycles=2354847 instrs=1021200 core_instrs=510600:510600 cycles_per_block=287.46 instrs_per_block=124.66 bytes_per_cycle=0.2226 repeats=1 cores=2 warps=4 threads=16
PERF: instrs=1021200, cycles=2354847, IPC=0.434
PASSED!

$ chacha_poly -n 128 -b 64 -i 1
reference matches the RFC 8439 block, stream, Poly1305 and AEAD vectors
messages=128 blocks/msg=64 bytes=524288 cores=2 warps=4 threads=16
CHACHA_POLY_PERF: impl=rori key_bits=256 mode=aead msgs=128 blocks_per_msg=64 blocks=8192 bytes=524288 cycles=2455368 instrs=1021200 core_instrs=510600:510600 cycles_per_block=299.73 instrs_per_block=124.66 bytes_per_cycle=0.2135 repeats=1 cores=2 warps=4 threads=16
PERF: instrs=1021200, cycles=2455368, IPC=0.416
PASSED!

$ chacha_poly -n 128 -b 64 -i 1
reference matches the RFC 8439 block, stream, Poly1305 and AEAD vectors
messages=128 blocks/msg=64 bytes=524288 cores=2 warps=4 threads=16
CHACHA_POLY_PERF: impl=rori key_bits=256 mode=aead msgs=128 blocks_per_msg=64 blocks=8192 bytes=524288 cycles=2411901 instrs=1021200 core_instrs=510600:510600 cycles_per_block=294.42 instrs_per_block=124.66 bytes_per_cycle=0.2174 repeats=1 cores=2 warps=4 threads=16
PERF: instrs=1021200, cycles=2411901, IPC=0.423
PASSED!

$ chacha_poly -n 128 -b 64 -i 1
reference matches the RFC 8439 block, stream, Poly1305 and AEAD vectors
messages=128 blocks/msg=64 bytes=524288 cores=2 warps=4 threads=16
CHACHA_POLY_PERF: impl=rori key_bits=256 mode=aead msgs=128 blocks_per_msg=64 blocks=8192 bytes=524288 cycles=2440981 instrs=1021200 core_instrs=510600:510600 cycles_per_block=297.97 instrs_per_block=124.66 bytes_per_cycle=0.2148 repeats=1 cores=2 warps=4 threads=16
PERF: instrs=1021200, cycles=2440981, IPC=0.418
PASSED!

$ chacha_poly -n 128 -b 64 -i 1
reference matches the RFC 8439 block, stream, Poly1305 and AEAD vectors
messages=128 blocks/msg=64 bytes=524288 cores=2 warps=4 threads=16
CHACHA_POLY_PERF: impl=rori key_bits=256 mode=aead msgs=128 blocks_per_msg=64 blocks=8192 bytes=524288 cycles=2398661 instrs=1021200 core_instrs=510600:510600 cycles_per_block=292.81 instrs_per_block=124.66 bytes_per_cycle=0.2186 repeats=1 cores=2 warps=4 threads=16
PERF: instrs=1021200, cycles=2398661, IPC=0.426
PASSED!

$ chacha_poly -n 128 -b 64 -i 1
reference matches the RFC 8439 block, stream, Poly1305 and AEAD vectors
messages=128 blocks/msg=64 bytes=524288 cores=2 warps=4 threads=16
CHACHA_POLY_PERF: impl=rori key_bits=256 mode=aead msgs=128 blocks_per_msg=64 blocks=8192 bytes=524288 cycles=2390496 instrs=1021200 core_instrs=510600:510600 cycles_per_block=291.81 instrs_per_block=124.66 bytes_per_cycle=0.2193 repeats=1 cores=2 warps=4 threads=16
PERF: instrs=1021200, cycles=2390496, IPC=0.427
PASSED!

$ chacha_poly -n 128 -b 64 -i 1
reference matches the RFC 8439 block, stream, Poly1305 and AEAD vectors
messages=128 blocks/msg=64 bytes=524288 cores=2 warps=4 threads=16
CHACHA_POLY_PERF: impl=rori key_bits=256 mode=aead msgs=128 blocks_per_msg=64 blocks=8192 bytes=524288 cycles=2283574 instrs=1021200 core_instrs=510600:510600 cycles_per_block=278.76 instrs_per_block=124.66 bytes_per_cycle=0.2296 repeats=1 cores=2 warps=4 threads=16
PERF: instrs=1021200, cycles=2283574, IPC=0.447
PASSED!

