$ chacha_poly -n 128 -b 4 -i 10
reference matches the RFC 8439 block, stream, Poly1305 and AEAD vectors
messages=128 blocks/msg=4 bytes=32768 cores=2 warps=4 threads=16
CHACHA_POLY_PERF: impl=s2 key_bits=256 mode=aead msgs=128 blocks_per_msg=4 blocks=512 bytes=32768 cycles=47114 instrs=18136 core_instrs=9068:9068 cycles_per_block=92.02 instrs_per_block=35.42 bytes_per_cycle=0.6955 repeats=1 cores=2 warps=4 threads=16
PERF: instrs=18136, cycles=47114, IPC=0.385
PASSED!

$ chacha_poly -n 128 -b 4 -i 10
reference matches the RFC 8439 block, stream, Poly1305 and AEAD vectors
messages=128 blocks/msg=4 bytes=32768 cores=2 warps=4 threads=16
CHACHA_POLY_PERF: impl=s2 key_bits=256 mode=aead msgs=128 blocks_per_msg=4 blocks=512 bytes=32768 cycles=46425 instrs=18136 core_instrs=9068:9068 cycles_per_block=90.67 instrs_per_block=35.42 bytes_per_cycle=0.7058 repeats=1 cores=2 warps=4 threads=16
PERF: instrs=18136, cycles=46425, IPC=0.391
PASSED!

$ chacha_poly -n 128 -b 4 -i 10
reference matches the RFC 8439 block, stream, Poly1305 and AEAD vectors
messages=128 blocks/msg=4 bytes=32768 cores=2 warps=4 threads=16
CHACHA_POLY_PERF: impl=s2 key_bits=256 mode=aead msgs=128 blocks_per_msg=4 blocks=512 bytes=32768 cycles=46404 instrs=18136 core_instrs=9068:9068 cycles_per_block=90.63 instrs_per_block=35.42 bytes_per_cycle=0.7061 repeats=1 cores=2 warps=4 threads=16
PERF: instrs=18136, cycles=46404, IPC=0.391
PASSED!

$ chacha_poly -n 128 -b 4 -i 10
reference matches the RFC 8439 block, stream, Poly1305 and AEAD vectors
messages=128 blocks/msg=4 bytes=32768 cores=2 warps=4 threads=16
CHACHA_POLY_PERF: impl=s2 key_bits=256 mode=aead msgs=128 blocks_per_msg=4 blocks=512 bytes=32768 cycles=47091 instrs=18136 core_instrs=9068:9068 cycles_per_block=91.97 instrs_per_block=35.42 bytes_per_cycle=0.6958 repeats=1 cores=2 warps=4 threads=16
PERF: instrs=18136, cycles=47091, IPC=0.385
PASSED!

$ chacha_poly -n 128 -b 4 -i 10
reference matches the RFC 8439 block, stream, Poly1305 and AEAD vectors
messages=128 blocks/msg=4 bytes=32768 cores=2 warps=4 threads=16
CHACHA_POLY_PERF: impl=s2 key_bits=256 mode=aead msgs=128 blocks_per_msg=4 blocks=512 bytes=32768 cycles=46386 instrs=18136 core_instrs=9068:9068 cycles_per_block=90.60 instrs_per_block=35.42 bytes_per_cycle=0.7064 repeats=1 cores=2 warps=4 threads=16
PERF: instrs=18136, cycles=46386, IPC=0.391
PASSED!

$ chacha_poly -n 128 -b 4 -i 10
reference matches the RFC 8439 block, stream, Poly1305 and AEAD vectors
messages=128 blocks/msg=4 bytes=32768 cores=2 warps=4 threads=16
CHACHA_POLY_PERF: impl=s2 key_bits=256 mode=aead msgs=128 blocks_per_msg=4 blocks=512 bytes=32768 cycles=46457 instrs=18136 core_instrs=9068:9068 cycles_per_block=90.74 instrs_per_block=35.42 bytes_per_cycle=0.7053 repeats=1 cores=2 warps=4 threads=16
PERF: instrs=18136, cycles=46457, IPC=0.390
PASSED!

$ chacha_poly -n 128 -b 4 -i 10
reference matches the RFC 8439 block, stream, Poly1305 and AEAD vectors
messages=128 blocks/msg=4 bytes=32768 cores=2 warps=4 threads=16
CHACHA_POLY_PERF: impl=s2 key_bits=256 mode=aead msgs=128 blocks_per_msg=4 blocks=512 bytes=32768 cycles=46209 instrs=18136 core_instrs=9068:9068 cycles_per_block=90.25 instrs_per_block=35.42 bytes_per_cycle=0.7091 repeats=1 cores=2 warps=4 threads=16
PERF: instrs=18136, cycles=46209, IPC=0.392
PASSED!

$ chacha_poly -n 128 -b 4 -i 10
reference matches the RFC 8439 block, stream, Poly1305 and AEAD vectors
messages=128 blocks/msg=4 bytes=32768 cores=2 warps=4 threads=16
CHACHA_POLY_PERF: impl=s2 key_bits=256 mode=aead msgs=128 blocks_per_msg=4 blocks=512 bytes=32768 cycles=46196 instrs=18136 core_instrs=9068:9068 cycles_per_block=90.23 instrs_per_block=35.42 bytes_per_cycle=0.7093 repeats=1 cores=2 warps=4 threads=16
PERF: instrs=18136, cycles=46196, IPC=0.393
PASSED!

$ chacha_poly -n 128 -b 4 -i 10
reference matches the RFC 8439 block, stream, Poly1305 and AEAD vectors
messages=128 blocks/msg=4 bytes=32768 cores=2 warps=4 threads=16
CHACHA_POLY_PERF: impl=s2 key_bits=256 mode=aead msgs=128 blocks_per_msg=4 blocks=512 bytes=32768 cycles=46482 instrs=18136 core_instrs=9068:9068 cycles_per_block=90.79 instrs_per_block=35.42 bytes_per_cycle=0.7050 repeats=1 cores=2 warps=4 threads=16
PERF: instrs=18136, cycles=46482, IPC=0.390
PASSED!

$ chacha_poly -n 128 -b 4 -i 10
reference matches the RFC 8439 block, stream, Poly1305 and AEAD vectors
messages=128 blocks/msg=4 bytes=32768 cores=2 warps=4 threads=16
CHACHA_POLY_PERF: impl=s2 key_bits=256 mode=aead msgs=128 blocks_per_msg=4 blocks=512 bytes=32768 cycles=45914 instrs=18136 core_instrs=9068:9068 cycles_per_block=89.68 instrs_per_block=35.42 bytes_per_cycle=0.7137 repeats=1 cores=2 warps=4 threads=16
PERF: instrs=18136, cycles=45914, IPC=0.395
PASSED!

$ chacha_poly -n 128 -b 4 -i 10
reference matches the RFC 8439 block, stream, Poly1305 and AEAD vectors
messages=128 blocks/msg=4 bytes=32768 cores=2 warps=4 threads=16
CHACHA_POLY_PERF: impl=s2 key_bits=256 mode=aead msgs=128 blocks_per_msg=4 blocks=512 bytes=32768 cycles=46507 instrs=18136 core_instrs=9068:9068 cycles_per_block=90.83 instrs_per_block=35.42 bytes_per_cycle=0.7046 repeats=1 cores=2 warps=4 threads=16
PERF: instrs=18136, cycles=46507, IPC=0.390
PASSED!

$ chacha_poly -n 128 -b 4 -i 10
reference matches the RFC 8439 block, stream, Poly1305 and AEAD vectors
messages=128 blocks/msg=4 bytes=32768 cores=2 warps=4 threads=16
CHACHA_POLY_PERF: impl=s2 key_bits=256 mode=aead msgs=128 blocks_per_msg=4 blocks=512 bytes=32768 cycles=46661 instrs=18136 core_instrs=9068:9068 cycles_per_block=91.13 instrs_per_block=35.42 bytes_per_cycle=0.7023 repeats=1 cores=2 warps=4 threads=16
PERF: instrs=18136, cycles=46661, IPC=0.389
PASSED!

$ chacha_poly -n 128 -b 4 -i 10
reference matches the RFC 8439 block, stream, Poly1305 and AEAD vectors
messages=128 blocks/msg=4 bytes=32768 cores=2 warps=4 threads=16
CHACHA_POLY_PERF: impl=s2 key_bits=256 mode=aead msgs=128 blocks_per_msg=4 blocks=512 bytes=32768 cycles=46511 instrs=18136 core_instrs=9068:9068 cycles_per_block=90.84 instrs_per_block=35.42 bytes_per_cycle=0.7045 repeats=1 cores=2 warps=4 threads=16
PERF: instrs=18136, cycles=46511, IPC=0.390
PASSED!

